I"ô!<h1 id="overview">Overview</h1>
<p>ì• í”Œ(Apple) ì œí’ˆì„ í•œ ë²ˆë„ ì¨ë³¸ ì ì´ ì—†ìŠµë‹ˆë‹¤. 3ì£¼ ì „, ì…ì‚¬í•˜ê³  ë°›ì€ ë§¥ë¶(MacBook Pro)ì´ ì²« ì• í”Œ ì œí’ˆì´ì—ˆì£ . ì‚¬ì‹¤ ê°œë°œ ì—…ë¬´ë¥¼ í•˜ë©´ì„œ â€˜í•œ ë²ˆì¯¤ì€ ì• í”Œ ì œí’ˆì„ ì¨ ë´ì•¼ê² ë‹¤â€™ëŠ” ìƒê°ì„ í•˜ê³  ìˆì—ˆìŠµë‹ˆë‹¤. ë‹¨ì§€ ì‰½ì‚¬ë¦¬ ìš©ê¸°ê°€ ë‚˜ì§€ ì•Šì•˜ì„ ë¿ì´ì—ˆì£ . í•˜ì§€ë§Œ ì—¬ëŸ¬ ê°œë°œ í™˜ê²½ì´ ì¡´ì¬í•˜ëŠ”ë°ë„ ê°œë°œìê°€ í•œ ê°€ì§€ í™˜ê²½ë§Œ ê³ ì§‘í•˜ëŠ” ê±´ ìŠ¤ìŠ¤ë¡œì˜ ì ì¬ ëŠ¥ë ¥ì„ ì¢íˆëŠ” ê±°ë¼ ìƒê°í–ˆìŠµë‹ˆë‹¤. ê·¸ë˜ì„œ ì´ë²ˆ ê¸°íšŒì— ìƒˆë¡œìš´ í™˜ê²½ê³¼ ì¹œí•´ì§€ë ¤ê³  APM ì›¹ì„œë²„ êµ¬ì„±ì— ë„ì „í•´ë´¤ìŠµë‹ˆë‹¤. (ì•„ì!)
<br /><br /><br /></p>

<h1 id="os-ì„¤ì¹˜-ì™„ë£Œ-í›„-í™˜ê²½">OS ì„¤ì¹˜ ì™„ë£Œ í›„ í™˜ê²½</h1>
<ul>
  <li>Sierra 10.13</li>
  <li>apache 2.4</li>
  <li>php 5.6</li>
  <li>mysql 5.6
<br /><br /><br /></li>
</ul>

<h1 id="apm-ì„¤ì¹˜-ê³¼ì •">APM ì„¤ì¹˜ ê³¼ì •</h1>
<p>MAC í™˜ê²½ì—ì„œ APM ì„¤ì¹˜í•˜ë ¤ë©´ MAMP ë°©ë²•ë„ ìˆì§€ë§Œ ê¸°ë³¸ì ìœ¼ë¡œ apache, phpê°€ ì„¤ì¹˜ë˜ì–´ ìˆìœ¼ë¯€ë¡œ íŒ¨í‚¤ì§€ê´€ë¦¬ì Homebrewë¥¼ ì´ìš©í•˜ì—¬ ì„¤ì¹˜í•˜ê² ìŠµë‹ˆë‹¤. <br /><br /></p>

<p><b>1.apache ì„¤ì¹˜ ë²„ì „ í™•ì¸</b><br />
$ httpd -v ëª…ë ¹ì–´ë¥¼ ì‹¤í–‰í•´ì„œ ì•„ë˜ì™€ ê°™ì´ ë²„ì „ì´ ë‚˜ì˜¤ë©´ ì„¤ì¹˜ê°€ ë˜ì–´ìˆëŠ” ìƒíƒœì…ë‹ˆë‹¤. <br /></p>
<div class="language-plaintext highlighter-rouge"><div class="highlight"><pre class="highlight"><code>$ httpd -v
Server version: Apache/2.4.27 (Unix)
Server built:   Jul 15 2017 15:41:46
</code></pre></div></div>
<p><br /><br /></p>

<p><b>2.php ì„¤ì¹˜ ë²„ì „ í™•ì¸</b><br />
php -v ëª…ë ¹ì–´ë¥¼ ì‹¤í–‰í•´ ì•„ë˜ì™€ ê°™ì€ ë²„ì „ì´ ë‚˜ì˜¤ë©´ ì„¤ì¹˜ê°€ ëœ ê²ƒì…ë‹ˆë‹¤.<br /></p>
<div class="language-plaintext highlighter-rouge"><div class="highlight"><pre class="highlight"><code>$ php -v
PHP 5.6.32 (cli) (built: Oct 27 2017 11:55:27)
Copyright (c) 1997-2016 The PHP Group
Zend Engine v2.6.0, Copyright (c) 1998-2016 Zend Technologies
</code></pre></div></div>
<p><br />
<b>ì°¸ê³ </b>: MAC Sierra 10.13 ë²„ì „ì—ëŠ” php7 ìƒìœ„ ë²„ì „ìœ¼ë¡œ ì„¤ì¹˜ë˜ì–´ ìˆìŠµë‹ˆë‹¤. Homebrewë¡œ php5.6 í•˜ìœ„ ë²„ì „ì„ ì¶”ê°€ì ìœ¼ë¡œ ì„¤ì¹˜í•´ì•¼ í•©ë‹ˆë‹¤.
<br /><br /></p>

<p><b>3.Homebrew ì„¤ì¹˜</b><br />
Homebrew ëª…ë ¹ì–´<br />
1)íŒ¨í‚¤ì§€ ê²€ìƒ‰í•˜ê¸°  -&gt;  $ brew search íŒ¨í‚¤ì§€ëª… <br />
2)íŒ¨í‚¤ì§€ ì„¤ì¹˜í•˜ê¸°  -&gt;  $ brew install íŒ¨í‚¤ì§€ëª… <br />
3)íŒ¨í‚¤ì§€ ì‚­ì œí•˜ê¸°  -&gt;  $ brew uninstall íŒ¨í‚¤ì§€ëª… <br />
4)ì„¤ì¹˜ëœ íŒ¨í‚¤ì§€ ëª©ë¡í™•ì¸  -&gt;  $ brew list <br />
5)íŒ¨í‚¤ì§€ ì •ë³´ë³´ê¸°  -&gt;  $ brew info íŒ¨í‚¤ì§€ëª… <br />
6)íŒ¨í‚¤ì§€ ì—…ê·¸ë ˆì´ë“œ í•˜ê¸°  -&gt;  $ brew upgrade íŒ¨í‚¤ì§€ëª… <br />
7)íŒ¨í‚¤ì§€ ì €ì¥ì†Œ ì¶”ê°€í•˜ê¸°  -&gt;  $ brew tap homebrew/íŒ¨í‚¤ì§€ëª… <br />
8)íŒ¨í‚¤ì§€ ì €ì¥ì†Œ ì‚­ì œí•˜ê¸°  -&gt;  $ brew untap homebrew/íŒ¨í‚¤ì§€ëª… <br />
9)íŒ¨í‚¤ì§€ ë§í¬ ì‚­ì œí•˜ê¸°  -&gt;  $ brew unlink íŒ¨í‚¤ì§€ëª… <br /><br /></p>

<p><b><font color="ff4c42">ê°€.ì„¤ì¹˜íŒŒì¼ ë‹¤ìš´</font></b><br />
$ /usr/bin/ruby -e â€œ$(curl -fsSL https://raw.githubusercontent.com/Homebrew/install/master/install)â€ <br /></p>

<p><b><font color="ff4c42">ë‚˜. Homebrew wget ì„¤ì¹˜ </font></b><br />
(Appleì—ì„œ ì œê³µí•˜ì§€ ì•ŠëŠ” íŒ¨í‚¤ì§€ë¥¼ ì„¤ì¹˜í•˜ê¸° ìœ„í•œ ê²ƒì´ë‹¤.) <br />
$ brew install wget</p>

<p><b><font color="ff4c42">ë‹¤. ì‹¬ë³¼ë¦­ ë§í¬ ì—°ê²° </font></b><br />
$ ls -l /usr/local/bin/wget ../Cellar/wget/1.19.2_1/bin/wget <br />
bin/wget -&gt; ../Cellar/wget/1.19.2_1/bin/wget <br /></p>

<p><b><font color="ff4c42">ë¼. íŒ¨í‚¤ì§€ ì €ì¥ì†Œ ì¶”ê°€ </font></b><br />
$ brew tap homebrew/dupes <br />
$ brew tap homebrew/php <br />
$ brew update <br /><br /></p>

<p><b>4.php56 ì„¤ì¹˜</b><br />
<b><font color="ff4c42">ê°€. Homebrew php56 ì„¤ì¹˜ </font></b><br />
$ brew install php56 â€“with-apache <br /></p>

<p><b><font color="ff4c42">ë‚˜. Apacheì— PHP ì„¤ì • ìˆ˜ì •í•˜ê¸° </font></b><br />
ì•„íŒŒì¹˜ì— php7 ëª¨ë“ˆì´ ì—°ê²°ë˜ì–´ ìˆì–´ ì£¼ì„ ì²˜ë¦¬ í›„ ì„¤ì¹˜í•œ php5 ê²½ë¡œë¡œ ì—°ê²°í•œë‹¤. <br />
$ vi /etc/apache2/httpd.conf <br /></p>

<div class="language-plaintext highlighter-rouge"><div class="highlight"><pre class="highlight"><code>LoadModule php5_module /usr/local/php5-5.6.31-20170817-164511/libphp5.so
#LoadModule php7_module libexec/apache2/libphp7.so
</code></pre></div></div>
<p><br /></p>

<p><b><font color="ff4c42">ë‹¤. apache ì¬ì‹œì‘ </font></b><br />
apachectl restart</p>

<p><b><font color="ff4c42">ë¼. phpinfo í™•ì¸ </font></b><br /></p>
<figure>
  <img src="http://labs.brandi.co.kr///assets/2018/20180123/4.png" alt="phpinfo í™•ì¸" />
</figure>
<figcaption>phpinfo í™•ì¸</figcaption>
<p><br /><br /></p>

<p><b>5.mysql56 ì„¤ì¹˜</b><br />
<b><font color="ff4c42"> ê°€. Homebrew mysql56 ì„¤ì¹˜</font></b><br />
$ brew install mysql56<br /></p>

<p><b><font color="ff4c42">ë‚˜. mysql ì‹œì‘</font></b><br />
$ /usr/local/Cellar/mysql@5.6/5.6.38/bin/mysql.server start<br /></p>

<p><b><font color="ff4c42">ë‹¤. mysql ë²„ì „í™•ì¸</font></b><br />
$ /usr/local/Cellar/mysql@5.6/5.6.38/bin/mysql â€“version<br />
ëª…ë ¹ì–´ë¥¼ ì‹¤í–‰í•´ì„œ ì•„ë˜ì™€ ê°™ì´ ë²„ì „ì´ ë‚˜ì˜¤ë©´ ì„¤ì¹˜ê°€ ë˜ì–´ìˆëŠ” ìƒíƒœì…ë‹ˆë‹¤.<br /></p>

<div class="language-plaintext highlighter-rouge"><div class="highlight"><pre class="highlight"><code>$ sudo /usr/local/Cellar/mysql\@5.6/5.6.38/bin/mysql --version
/usr/local/Cellar/mysql@5.6/5.6.38/bin/mysql  Ver 14.14 Distrib 5.6.38, for osx10.13 (x86_64) using  EditLine wrapper
</code></pre></div></div>

<p><br /><br /></p>

<p><b>6.ê°€ìƒí˜¸ìŠ¤íŠ¸ ì„¤ì •</b><br />
ë¡œì»¬ì— ë‹¤ìˆ˜ì˜ í”„ë¡œì íŠ¸ë¥¼ ì„¸íŒ…í•˜ê¸° ìœ„í•œ ê²ƒì´ë‹¤. <br />
<b><font color="ff4c42">ê°€. httpd.conf íŒŒì¼ ìˆ˜ì •</font></b><br /></p>
<ul>
  <li>Include /private/etc/apache2/extra/httpd-vhosts.conf  &lt;-  ì£¼ì„ì œê±° <br />
$ vi /etc/apache2/httpd.conf
 <br /></li>
</ul>

<div class="language-plaintext highlighter-rouge"><div class="highlight"><pre class="highlight"><code> # Virtual hosts
Include /private/etc/apache2/extra/httpd-vhosts.conf
</code></pre></div></div>

<p><b><font color="ff4c42">ë‚˜. httpd-vhosts.conf íŒŒì¼ ìˆ˜ì •</font></b><br /></p>
<ul>
  <li>NameVirtualHost : ì•„íŒŒì¹˜ 2.4 ì´ì „ ë²„ì „ì¼ ê²½ìš° 80 í¬íŠ¸ì—ì„œ ì´ë¦„ ê¸°ë°˜ ê°€ìƒ í˜¸ìŠ¤íŠ¸ë¥¼ ì‚¬ìš©í•˜ê² ë‹¤ëŠ” ì˜ë¯¸ë¡œ ë°˜ë“œì‹œ ì ì–´ì¤˜ì•¼ í•œë‹¤.</li>
  <li>DocumentRoot : í•´ë‹¹ í”„ë¡œì íŠ¸ ì†ŒìŠ¤ ê²½ë¡œ</li>
  <li>ServerName : í•´ë‹¹ í”„ë¡œì íŠ¸ ì ‘ì† ë„ë©”ì¸ì£¼ì†Œ <br /></li>
</ul>

<p>$ vi /etc/apache2/extra/httpd-vhosts.conf <br /></p>

<div class="language-plaintext highlighter-rouge"><div class="highlight"><pre class="highlight"><code>NameVirtualHost *:80

&lt;VirtualHost *:80&gt;
    DocumentRoot "/Users/comkjs/Sites/ex1"
    ServerName ex1.brandi.co.kr
    ErrorLog "/private/var/log/apache2/error_log"
    CustomLog "/private/var/log/apache2/access_log" common

    &lt;Directory "/Users/comkjs/Sites/ex1"&gt;
        Options FollowSymLinks
        AllowOverride All
        Order allow,deny
        Allow from all
        Require all granted
    &lt;/Directory&gt;
&lt;/VirtualHost&gt;

&lt;VirtualHost *:80&gt;
    DocumentRoot "/Users/comkjs/Sites/ex2"
    ServerName ex2.brandi.co.kr
    ErrorLog "/private/var/log/apache2/error_log"
    CustomLog "/private/var/log/apache2/access_log" common

    &lt;Directory "/Users/comkjs/Sites/ex2"&gt;
        Options FollowSymLinks
        AllowOverride All
        Order allow,deny
        Allow from all
        Require all granted
    &lt;/Directory&gt;
&lt;/VirtualHost&gt;
</code></pre></div></div>
<p><br /><br />
<b>7. hosts ì„¤ì •</b><br />
í•´ë‹¹ ë„ë©”ì¸ìœ¼ë¡œ ì ‘ì†ì‹œ DNS ì„œë²„ë¥¼ ì‚¬ìš©í•˜ê¸° ì´ì „ ë¡œì»¬ì— ì§€ì •ëœ IPë¡œ ë§µí•‘ëœë‹¤. <br />
$ vi /etc/hosts <br /></p>

<div class="language-plaintext highlighter-rouge"><div class="highlight"><pre class="highlight"><code>##
# Host Database
#
# localhost is used to configure the loopback interface
# when the system is booting.  Do not change this entry.
##
127.0.0.1       localhost
255.255.255.255 broadcasthost
::1             localhost

127.0.0.1       ex1.brandi.co.kr
127.0.0.1       ex2.brandi.co.kr
</code></pre></div></div>

<p><br /><br /></p>
<h1 id="conclusion">Conclusion</h1>
<p>ë¬¼ë¡  ì˜¤ë«ë™ì•ˆ ë§¥ë¶ì„ ì‚¬ìš©í–ˆë˜ ê°œë°œìì—ê² ì‰¬ìš´ ë‚´ìš©ì¼ ìˆ˜ ìˆì§€ë§Œ MSì™€ ë¦¬ëˆ…ìŠ¤ì— ìµìˆ™í–ˆë˜ ì €ì—ê² â€˜ë‘ë ¤ì›€â€™ì´ì—ˆìŠµë‹ˆë‹¤. ë¦¬ëˆ…ìŠ¤ êµ¬ì¡°ì™€ ëª…ë ¹ì–´ê°€ ë¹„ìŠ·í•´ì„œ ë¦¬ëˆ…ìŠ¤ë¥¼ ì´ìš©í–ˆë˜ ì´ìš©ìì—ê² ì–´ë µì§€ ì•Šì„ ê²ƒì…ë‹ˆë‹¤. í•œ ë²ˆ ì„¸íŒ…í•´ë‘ë©´ í™˜ê²½ì´ ë°”ë€Œì§€ ì•ŠëŠ” ì´ìƒ ì˜ ê±´ë“œë¦¬ì§€ ì•Šê¸° ë•Œë¬¸ì— ë‚˜ì¤‘ì— ì„¸íŒ…ì„ ë°”ê¾¸ëŠ” ì¼ì´ ìˆìœ¼ë©´  ë˜ ë‹¤ì‹œ ë³¼ ìˆ˜ ìˆë„ë¡ ê¸°ìˆ  ë¸”ë¡œê·¸ì— ë‚¨ê²¨ë‘¡ë‹ˆë‹¤. ë¶„ëª… ì–¸ì  ê°€ëŠ” ë„ì›€ì´ ë˜ì§€ ì•Šì„ê¹Œìš”.
<br /><br /><br /></p>
:ET